// Jest Snapshot v1, https://goo.gl/fbAQLP

exports[`Container should match the snapshot with all the movie data passed through 1`] = `undefined`;
