// Jest Snapshot v1, https://goo.gl/fbAQLP

exports[`Intro should match the snapshot with all the data passed through 1`] = `
<section
  className="text-section"
>
  <h1
    className="title"
  >
    some title
  </h1>
  <p
    className="text"
  >
    some text
  </p>
</section>
`;
